  imgui.cpp
C:\Users\Alexander Choi\source\repos\ExportStats\ExportStats\imgui\imgui.cpp(1,10): error C1083: Cannot open precompiled header file: 'x64\All\ExportStats.pch': No such file or directory
  imguivariouscontrols.cpp
C:\Users\Alexander Choi\source\repos\ExportStats\ExportStats\imgui\imguivariouscontrols.cpp(1,10): error C1083: Cannot open precompiled header file: 'x64\All\ExportStats.pch': No such file or directory
  imgui_additions.cpp
C:\Users\Alexander Choi\source\repos\ExportStats\ExportStats\imgui\imgui_additions.cpp(1,10): error C1083: Cannot open precompiled header file: 'x64\All\ExportStats.pch': No such file or directory
  imgui_demo.cpp
C:\Users\Alexander Choi\source\repos\ExportStats\ExportStats\imgui\imgui_demo.cpp(1,10): error C1083: Cannot open precompiled header file: 'x64\All\ExportStats.pch': No such file or directory
  imgui_draw.cpp
C:\Users\Alexander Choi\source\repos\ExportStats\ExportStats\imgui\imgui_draw.cpp(1,10): error C1083: Cannot open precompiled header file: 'x64\All\ExportStats.pch': No such file or directory
  imgui_impl_dx11.cpp
C:\Users\Alexander Choi\source\repos\ExportStats\ExportStats\imgui\imgui_impl_dx11.cpp(1,10): error C1083: Cannot open precompiled header file: 'x64\All\ExportStats.pch': No such file or directory
  imgui_impl_win32.cpp
C:\Users\Alexander Choi\source\repos\ExportStats\ExportStats\imgui\imgui_impl_win32.cpp(1,10): error C1083: Cannot open precompiled header file: 'x64\All\ExportStats.pch': No such file or directory
  imgui_rangeslider.cpp
C:\Users\Alexander Choi\source\repos\ExportStats\ExportStats\imgui\imgui_rangeslider.cpp(1,10): error C1083: Cannot open precompiled header file: 'x64\All\ExportStats.pch': No such file or directory
  imgui_searchablecombo.cpp
C:\Users\Alexander Choi\source\repos\ExportStats\ExportStats\imgui\imgui_searchablecombo.cpp(1,10): error C1083: Cannot open precompiled header file: 'x64\All\ExportStats.pch': No such file or directory
  imgui_stdlib.cpp
C:\Users\Alexander Choi\source\repos\ExportStats\ExportStats\IMGUI\imgui_stdlib.cpp(10,10): error C1083: Cannot open precompiled header file: 'x64\All\ExportStats.pch': No such file or directory
  imgui_timeline.cpp
C:\Users\Alexander Choi\source\repos\ExportStats\ExportStats\imgui\imgui_timeline.cpp(1,10): error C1083: Cannot open precompiled header file: 'x64\All\ExportStats.pch': No such file or directory
  imgui_widgets.cpp
C:\Users\Alexander Choi\source\repos\ExportStats\ExportStats\imgui\imgui_widgets.cpp(1,10): error C1083: Cannot open precompiled header file: 'x64\All\ExportStats.pch': No such file or directory
  pch.cpp
C:\Users\Alexander Choi\source\repos\ExportStats\ExportStats\pch.cpp(1,10): error C1083: Cannot open precompiled header file: 'x64\All\ExportStats.pch': No such file or directory
  ExportStats.cpp
C:\Users\Alexander Choi\source\repos\ExportStats\ExportStats\ExportStats.cpp(3,10): error C1083: Cannot open precompiled header file: 'x64\All\ExportStats.pch': No such file or directory
  GuiBase.cpp
C:\Users\Alexander Choi\source\repos\ExportStats\ExportStats\GuiBase.cpp(1,10): error C1083: Cannot open precompiled header file: 'x64\All\ExportStats.pch': No such file or directory
  Generating Code...
